time="2026-08-30T19:17:04-06:00" level=error msg="Failed to describe organization: operation error Organizations: DescribeOrganization, https response error StatusCode: 400, RequestID: 4e5ae8f0-2a3f-4d33-a2c0-cf034a0ca68b, AWSOrganizationsNotInUseException: Your account is not a member of an organization."
time="2026-08-30T19:17:04-06:00" level=error module=inventory msg="operation error AppRunner: ListServices, https response error StatusCode: 0, RequestID: , request send failed, Post \"https://apprunner.ap-northeast-3.amazonaws.com/\": dial tcp: lookup apprunner.ap-northeast-3.amazonaws.com: no such host" 
time="2026-08-30T19:17:04-06:00" level=error module=inventory msg="operation error AppRunner: ListServices, https response error StatusCode: 0, RequestID: , request send failed, Post \"https://apprunner.ap-northeast-2.amazonaws.com/\": dial tcp: lookup apprunner.ap-northeast-2.amazonaws.com: no such host" 
time="2026-08-30T19:17:04-06:00" level=error module=inventory msg="operation error AppRunner: ListServices, https response error StatusCode: 0, RequestID: , request send failed, Post \"https://apprunner.us-west-1.amazonaws.com/\": dial tcp: lookup apprunner.us-west-1.amazonaws.com: no such host" 
time="2026-08-30T19:17:04-06:00" level=error module=inventory msg="operation error AppRunner: ListServices, https response error StatusCode: 0, RequestID: , request send failed, Post \"https://apprunner.sa-east-1.amazonaws.com/\": dial tcp: lookup apprunner.sa-east-1.amazonaws.com: no such host" 
time="2026-08-30T19:17:04-06:00" level=error module=inventory msg="operation error AppRunner: ListServices, https response error StatusCode: 0, RequestID: , request send failed, Post \"https://apprunner.eu-north-1.amazonaws.com/\": dial tcp: lookup apprunner.eu-north-1.amazonaws.com: no such host" 
time="2026-08-30T19:17:04-06:00" level=error module=inventory msg="operation error AppRunner: ListServices, https response error StatusCode: 0, RequestID: , request send failed, Post \"https://apprunner.ca-central-1.amazonaws.com/\": dial tcp: lookup apprunner.ca-central-1.amazonaws.com: no such host" 
time="2026-08-30T19:17:16-06:00" level=error msg="operation error Glue: ListDevEndpoints, exceeded maximum number of attempts, 3, https response error StatusCode: 500, RequestID: 7300b26b-7e14-49ac-a72a-2fd51f841ded, api error InternalFailure: UnknownError"
time="2026-08-30T19:17:17-06:00" level=error msg="operation error Glue: ListDevEndpoints, exceeded maximum number of attempts, 3, https response error StatusCode: 500, RequestID: 6ec88cdc-61b4-4883-bd49-317584850a8c, api error InternalFailure: UnknownError"
time="2026-08-30T19:17:17-06:00" level=error msg="operation error Glue: ListDevEndpoints, exceeded maximum number of attempts, 3, https response error StatusCode: 500, RequestID: 47d05ef0-de7b-455e-a030-aad77be683e8, api error InternalFailure: UnknownError"
time="2026-08-30T19:17:17-06:00" level=error msg="operation error Glue: ListDevEndpoints, exceeded maximum number of attempts, 3, https response error StatusCode: 500, RequestID: 2e3e1161-64ef-446e-a5c5-c87f671f73e7, api error InternalFailure: UnknownError"
time="2026-08-30T19:17:17-06:00" level=error msg="operation error Glue: ListDevEndpoints, exceeded maximum number of attempts, 3, https response error StatusCode: 500, RequestID: 80c41b0a-e445-4eab-a1c4-dc0996f89d09, api error InternalFailure: UnknownError"
time="2026-08-30T19:17:18-06:00" level=error msg="operation error Glue: ListDevEndpoints, exceeded maximum number of attempts, 3, https response error StatusCode: 500, RequestID: 7c5f774e-5ff2-45d1-98dd-852b2764640a, api error InternalFailure: UnknownError"
time="2026-08-30T19:17:18-06:00" level=error msg="operation error Glue: ListDevEndpoints, exceeded maximum number of attempts, 3, https response error StatusCode: 500, RequestID: 7a6921d4-9987-431a-8f21-d2d73e3768d6, api error InternalFailure: UnknownError"
time="2026-08-30T19:17:18-06:00" level=error msg="operation error Glue: ListDevEndpoints, exceeded maximum number of attempts, 3, https response error StatusCode: 500, RequestID: ac3fc457-6576-43ae-abf3-41f59f38e8e9, api error InternalFailure: UnknownError"
time="2026-08-30T19:17:18-06:00" level=error msg="operation error Glue: ListDevEndpoints, exceeded maximum number of attempts, 3, https response error StatusCode: 500, RequestID: fb13d586-d581-4a2a-a025-d097e805a8b0, api error InternalFailure: UnknownError"
time="2026-08-30T19:17:18-06:00" level=error msg="operation error Glue: ListDevEndpoints, exceeded maximum number of attempts, 3, https response error StatusCode: 500, RequestID: 9de61afd-f9c6-4090-9c44-ee3321822aa3, api error InternalFailure: UnknownError"
time="2026-08-30T19:17:19-06:00" level=error msg="operation error Glue: ListDevEndpoints, exceeded maximum number of attempts, 3, https response error StatusCode: 500, RequestID: 8053fcd0-985e-4d79-89c8-e30923923031, api error InternalFailure: UnknownError"
time="2026-08-30T19:17:19-06:00" level=error msg="operation error Glue: ListDevEndpoints, exceeded maximum number of attempts, 3, https response error StatusCode: 500, RequestID: 07c442f3-1006-4781-870f-c2320c78405e, api error InternalFailure: UnknownError"
time="2026-08-30T19:17:19-06:00" level=error msg="operation error Glue: ListDevEndpoints, exceeded maximum number of attempts, 3, https response error StatusCode: 500, RequestID: 56e14a47-c806-4ba2-a1e4-8863ea71fb78, api error InternalFailure: UnknownError"
time="2026-08-30T19:17:19-06:00" level=error msg="operation error Glue: ListDevEndpoints, exceeded maximum number of attempts, 3, https response error StatusCode: 500, RequestID: d1e68954-2ef1-490f-b026-0e99cc85a36c, api error InternalFailure: UnknownError"
time="2026-08-30T19:17:20-06:00" level=error msg="operation error Glue: ListDevEndpoints, exceeded maximum number of attempts, 3, https response error StatusCode: 500, RequestID: 21fa6a51-8a50-40b5-b1b1-e7c9a262a103, api error InternalFailure: UnknownError"
time="2026-08-30T19:17:22-06:00" level=error msg="operation error Glue: ListDevEndpoints, exceeded maximum number of attempts, 3, https response error StatusCode: 500, RequestID: 98909cf6-40ac-4676-aab7-53620c898cae, api error InternalFailure: UnknownError"
time="2026-08-30T19:17:22-06:00" level=error msg="operation error Glue: ListDevEndpoints, exceeded maximum number of attempts, 3, https response error StatusCode: 500, RequestID: 16c02946-65ad-4861-99ff-2b0517423699, api error InternalFailure: UnknownError"
time="2026-08-30T19:17:24-06:00" level=error module=org msg="Failed to describe organization: operation error Organizations: DescribeOrganization, https response error StatusCode: 400, RequestID: 580feb7a-8775-4095-ae82-72ff0387c50a, AWSOrganizationsNotInUseException: Your account is not a member of an organization." 
time="2026-08-30T19:17:25-06:00" level=error msg="instances - personal - No pmapper data found for this account. Skipping the pmapper column in the output table."
time="2026-08-30T19:17:26-06:00" level=error msg="lambda - personal - No pmapper data found for this account. Skipping the pmapper column in the output table."
time="2026-08-30T19:17:33-06:00" level=error module=endpoints msg="operation error AppRunner: ListServices, https response error StatusCode: 0, RequestID: , request send failed, Post \"https://apprunner.ca-central-1.amazonaws.com/\": dial tcp: lookup apprunner.ca-central-1.amazonaws.com: no such host" 
time="2026-08-30T19:17:33-06:00" level=error module=endpoints msg="operation error AppRunner: ListServices, https response error StatusCode: 0, RequestID: , request send failed, Post \"https://apprunner.eu-north-1.amazonaws.com/\": dial tcp: lookup apprunner.eu-north-1.amazonaws.com: no such host" 
time="2026-08-30T19:17:33-06:00" level=error module=endpoints msg="operation error AppRunner: ListServices, https response error StatusCode: 0, RequestID: , request send failed, Post \"https://apprunner.sa-east-1.amazonaws.com/\": dial tcp: lookup apprunner.sa-east-1.amazonaws.com: no such host" 
time="2026-08-30T19:17:33-06:00" level=error module=endpoints msg="operation error AppRunner: ListServices, https response error StatusCode: 0, RequestID: , request send failed, Post \"https://apprunner.ap-northeast-3.amazonaws.com/\": dial tcp: lookup apprunner.ap-northeast-3.amazonaws.com: no such host" 
time="2026-08-30T19:17:33-06:00" level=error module=endpoints msg="operation error AppRunner: ListServices, https response error StatusCode: 0, RequestID: , request send failed, Post \"https://apprunner.us-west-1.amazonaws.com/\": dial tcp: lookup apprunner.us-west-1.amazonaws.com: no such host" 
time="2026-08-30T19:17:33-06:00" level=error module=endpoints msg="operation error AppRunner: ListServices, https response error StatusCode: 0, RequestID: , request send failed, Post \"https://apprunner.ap-northeast-2.amazonaws.com/\": dial tcp: lookup apprunner.ap-northeast-2.amazonaws.com: no such host" 
time="2026-08-30T19:17:33-06:00" level=error module=endpoints msg="operation error Lambda: GetFunctionUrlConfig, https response error StatusCode: 404, RequestID: cdf021cc-60ff-4ff1-98fe-ebd082f71924, ResourceNotFoundException: The resource you requested does not exist." 
time="2026-08-30T19:17:35-06:00" level=error msg="ecs-tasks - personal - No pmapper data found for this account. Skipping the pmapper column in the output table."
time="2026-08-30T19:17:35-06:00" level=error msg="eks - personal - No pmapper data found for this account. Skipping the pmapper column in the output table."
time="2026-08-30T19:17:37-06:00" level=error module=env-vars msg="operation error AppRunner: ListServices, https response error StatusCode: 0, RequestID: , request send failed, Post \"https://apprunner.ca-central-1.amazonaws.com/\": dial tcp: lookup apprunner.ca-central-1.amazonaws.com: no such host" 
time="2026-08-30T19:17:37-06:00" level=error module=env-vars msg="operation error AppRunner: ListServices, https response error StatusCode: 0, RequestID: , request send failed, Post \"https://apprunner.ap-northeast-2.amazonaws.com/\": dial tcp: lookup apprunner.ap-northeast-2.amazonaws.com: no such host" 
time="2026-08-30T19:17:37-06:00" level=error module=env-vars msg="operation error AppRunner: ListServices, https response error StatusCode: 0, RequestID: , request send failed, Post \"https://apprunner.us-west-1.amazonaws.com/\": dial tcp: lookup apprunner.us-west-1.amazonaws.com: no such host" 
time="2026-08-30T19:17:37-06:00" level=error module=env-vars msg="operation error AppRunner: ListServices, https response error StatusCode: 0, RequestID: , request send failed, Post \"https://apprunner.eu-north-1.amazonaws.com/\": dial tcp: lookup apprunner.eu-north-1.amazonaws.com: no such host" 
time="2026-08-30T19:17:37-06:00" level=error module=env-vars msg="operation error AppRunner: ListServices, https response error StatusCode: 0, RequestID: , request send failed, Post \"https://apprunner.sa-east-1.amazonaws.com/\": dial tcp: lookup apprunner.sa-east-1.amazonaws.com: no such host" 
time="2026-08-30T19:17:37-06:00" level=error module=env-vars msg="operation error AppRunner: ListServices, https response error StatusCode: 0, RequestID: , request send failed, Post \"https://apprunner.ap-northeast-3.amazonaws.com/\": dial tcp: lookup apprunner.ap-northeast-3.amazonaws.com: no such host" 
time="2026-08-30T19:17:57-06:00" level=error msg="codebuild - personal - No pmapper data found for this account. Skipping the pmapper column in the output table."
time="2026-08-30T19:17:57-06:00" level=error msg="principals - personal - No pmapper data found for this account. Skipping the pmapper column in the output table."
time="2026-08-30T19:19:05-06:00" level=error module=iam-simulator msg="operation error IAM: SimulatePrincipalPolicy, exceeded maximum number of attempts, 3, https response error StatusCode: 400, RequestID: 35735a1a-82ee-4084-9cbf-b9b9e0763a9c, api error Throttling: Rate exceeded" 
time="2026-08-30T19:19:05-06:00" level=error module=iam-simulator msg="Failed admin check on arn:aws:iam::000000000000:role/privesc10-PutUserPolicy-role" 
time="2026-08-30T19:19:12-06:00" level=error msg="role-trusts - personal - No pmapper data found for this account. Skipping the pmapper column in the output table."
time="2026-08-30T19:19:12-06:00" level=error msg="role-trusts - personal - No pmapper data found for this account. Skipping the pmapper column in the output table."
time="2026-08-30T19:19:12-06:00" level=error msg="role-trusts - personal - No pmapper data found for this account. Skipping the pmapper column in the output table."
time="2026-08-30T19:19:12-06:00" level=error msg="role-trusts - personal - No pmapper data found for this account. Skipping the pmapper column in the output table."
time="2026-08-30T19:19:12-06:00" level=error module=pmapper msg="open /Users/yael.palacios/Library/Application Support/com.nccgroup.principalmapper/000000000000/graph/nodes.json: no such file or directory" 
time="2026-08-30T19:19:30-06:00" level=error module=iam-simulator msg="operation error IAM: SimulatePrincipalPolicy, exceeded maximum number of attempts, 3, https response error StatusCode: 400, RequestID: f8c0b0c5-7a0f-40a3-89d6-ceacd9968d5d, api error Throttling: Rate exceeded" 
time="2026-08-30T19:19:30-06:00" level=error module=iam-simulator msg="Failed admin check on arn:aws:iam::000000000000:user/privesc-codeBuildCreateProjectPassRole-user" 
time="2026-08-30T19:20:01-06:00" level=error module=iam-simulator msg="operation error IAM: SimulatePrincipalPolicy, exceeded maximum number of attempts, 3, https response error StatusCode: 400, RequestID: 997f4c5d-45c5-4d23-9fce-b96edd83c02c, api error Throttling: Rate exceeded" 
time="2026-08-30T19:20:01-06:00" level=error module=iam-simulator msg="Failed to query actions for arn:aws:iam::000000000000:user/privesc6-UpdateLoginProfile-user\n\n" 
time="2026-08-30T19:21:02-06:00" level=error module=workloads msg="operation error AppRunner: ListServices, https response error StatusCode: 0, RequestID: , request send failed, Post \"https://apprunner.us-west-1.amazonaws.com/\": dial tcp: lookup apprunner.us-west-1.amazonaws.com: no such host" 
time="2026-08-30T19:21:02-06:00" level=error module=workloads msg="operation error AppRunner: ListServices, https response error StatusCode: 0, RequestID: , request send failed, Post \"https://apprunner.sa-east-1.amazonaws.com/\": dial tcp: lookup apprunner.sa-east-1.amazonaws.com: no such host" 
time="2026-08-30T19:21:02-06:00" level=error module=workloads msg="operation error AppRunner: ListServices, https response error StatusCode: 0, RequestID: , request send failed, Post \"https://apprunner.ap-northeast-3.amazonaws.com/\": dial tcp: lookup apprunner.ap-northeast-3.amazonaws.com: no such host" 
time="2026-08-30T19:21:02-06:00" level=error module=workloads msg="operation error AppRunner: ListServices, https response error StatusCode: 0, RequestID: , request send failed, Post \"https://apprunner.eu-north-1.amazonaws.com/\": dial tcp: lookup apprunner.eu-north-1.amazonaws.com: no such host" 
time="2026-08-30T19:21:02-06:00" level=error module=workloads msg="operation error AppRunner: ListServices, https response error StatusCode: 0, RequestID: , request send failed, Post \"https://apprunner.ca-central-1.amazonaws.com/\": dial tcp: lookup apprunner.ca-central-1.amazonaws.com: no such host" 
time="2026-08-30T19:21:02-06:00" level=error module=workloads msg="operation error AppRunner: ListServices, https response error StatusCode: 0, RequestID: , request send failed, Post \"https://apprunner.ap-northeast-2.amazonaws.com/\": dial tcp: lookup apprunner.ap-northeast-2.amazonaws.com: no such host" 
time="2026-08-30T19:21:02-06:00" level=error msg="workloads - personal - No pmapper data found for this account. Skipping the pmapper column in the output table."
